[2026-04-27T23:54:33.522Z] [INFO] Scheduled task: Full anatomy rescan (0 */6 * * *)
[2026-04-27T23:54:33.523Z] [INFO] Scheduled task: Consolidate old memory (0 2 * * *)
[2026-04-27T23:54:33.523Z] [INFO] Scheduled task: Token audit report (0 0 * * 1)
[2026-04-27T23:54:33.524Z] [INFO] Scheduled task: Cerebrum reflection (0 3 * * 0)
[2026-04-27T23:54:33.524Z] [INFO] Scheduled task: AI suggestions (0 4 * * 1)
[2026-04-27T23:54:33.525Z] [INFO] File watcher started on .wolf/
[2026-04-27T23:54:33.526Z] [INFO] OpenWolf daemon started
[2026-04-27T23:54:33.526Z] [INFO] Dashboard server listening on port 18791
[2026-04-27T23:54:33.992Z] [INFO] Scheduled task: Full anatomy rescan (0 */6 * * *)
[2026-04-27T23:54:33.993Z] [INFO] Scheduled task: Consolidate old memory (0 2 * * *)
[2026-04-27T23:54:33.994Z] [INFO] Scheduled task: Token audit report (0 0 * * 1)
[2026-04-27T23:54:33.994Z] [INFO] Scheduled task: Cerebrum reflection (0 3 * * 0)
[2026-04-27T23:54:33.994Z] [INFO] Scheduled task: AI suggestions (0 4 * * 1)
[2026-04-27T23:54:33.995Z] [INFO] File watcher started on .wolf/
[2026-04-27T23:54:33.997Z] [INFO] OpenWolf daemon started
[2026-04-27T23:54:33.997Z] [INFO] Dashboard server listening on port 18791
[2026-04-27T23:54:34.313Z] [INFO] Scheduled task: Full anatomy rescan (0 */6 * * *)
[2026-04-27T23:54:34.315Z] [INFO] Scheduled task: Consolidate old memory (0 2 * * *)
[2026-04-27T23:54:34.315Z] [INFO] Scheduled task: Token audit report (0 0 * * 1)
[2026-04-27T23:54:34.316Z] [INFO] Scheduled task: Cerebrum reflection (0 3 * * 0)
[2026-04-27T23:54:34.318Z] [INFO] Scheduled task: AI suggestions (0 4 * * 1)
[2026-04-27T23:54:34.320Z] [INFO] File watcher started on .wolf/
[2026-04-27T23:54:34.321Z] [INFO] OpenWolf daemon started
[2026-04-27T23:54:34.322Z] [INFO] Dashboard server listening on port 18791
[2026-04-27T23:54:34.624Z] [INFO] Scheduled task: Full anatomy rescan (0 */6 * * *)
[2026-04-27T23:54:34.625Z] [INFO] Scheduled task: Consolidate old memory (0 2 * * *)
[2026-04-27T23:54:34.625Z] [INFO] Scheduled task: Token audit report (0 0 * * 1)
[2026-04-27T23:54:34.625Z] [INFO] Scheduled task: Cerebrum reflection (0 3 * * 0)
[2026-04-27T23:54:34.625Z] [INFO] Scheduled task: AI suggestions (0 4 * * 1)
[2026-04-27T23:54:34.626Z] [INFO] File watcher started on .wolf/
[2026-04-27T23:54:34.627Z] [INFO] OpenWolf daemon started
[2026-04-27T23:54:34.628Z] [INFO] Dashboard server listening on port 18791
[2026-04-27T23:54:34.897Z] [INFO] Scheduled task: Full anatomy rescan (0 */6 * * *)
[2026-04-27T23:54:34.898Z] [INFO] Scheduled task: Consolidate old memory (0 2 * * *)
[2026-04-27T23:54:34.898Z] [INFO] Scheduled task: Token audit report (0 0 * * 1)
[2026-04-27T23:54:34.899Z] [INFO] Scheduled task: Cerebrum reflection (0 3 * * 0)
[2026-04-27T23:54:34.899Z] [INFO] Scheduled task: AI suggestions (0 4 * * 1)
[2026-04-27T23:54:34.900Z] [INFO] File watcher started on .wolf/
[2026-04-27T23:54:34.901Z] [INFO] OpenWolf daemon started
[2026-04-27T23:54:34.901Z] [INFO] Dashboard server listening on port 18791
[2026-04-27T23:54:35.166Z] [INFO] Scheduled task: Full anatomy rescan (0 */6 * * *)
[2026-04-27T23:54:35.166Z] [INFO] Scheduled task: Consolidate old memory (0 2 * * *)
[2026-04-27T23:54:35.167Z] [INFO] Scheduled task: Token audit report (0 0 * * 1)
[2026-04-27T23:54:35.167Z] [INFO] Scheduled task: Cerebrum reflection (0 3 * * 0)
[2026-04-27T23:54:35.167Z] [INFO] Scheduled task: AI suggestions (0 4 * * 1)
[2026-04-27T23:54:35.168Z] [INFO] File watcher started on .wolf/
[2026-04-27T23:54:35.170Z] [INFO] OpenWolf daemon started
[2026-04-27T23:54:35.170Z] [INFO] Dashboard server listening on port 18791
[2026-04-27T23:54:35.426Z] [INFO] Scheduled task: Full anatomy rescan (0 */6 * * *)
[2026-04-27T23:54:35.427Z] [INFO] Scheduled task: Consolidate old memory (0 2 * * *)
[2026-04-27T23:54:35.427Z] [INFO] Scheduled task: Token audit report (0 0 * * 1)
[2026-04-27T23:54:35.428Z] [INFO] Scheduled task: Cerebrum reflection (0 3 * * 0)
[2026-04-27T23:54:35.428Z] [INFO] Scheduled task: AI suggestions (0 4 * * 1)
[2026-04-27T23:54:35.429Z] [INFO] File watcher started on .wolf/
[2026-04-27T23:54:35.430Z] [INFO] OpenWolf daemon started
[2026-04-27T23:54:35.431Z] [INFO] Dashboard server listening on port 18791
[2026-04-27T23:54:35.687Z] [INFO] Scheduled task: Full anatomy rescan (0 */6 * * *)
[2026-04-27T23:54:35.687Z] [INFO] Scheduled task: Consolidate old memory (0 2 * * *)
[2026-04-27T23:54:35.688Z] [INFO] Scheduled task: Token audit report (0 0 * * 1)
[2026-04-27T23:54:35.688Z] [INFO] Scheduled task: Cerebrum reflection (0 3 * * 0)
[2026-04-27T23:54:35.688Z] [INFO] Scheduled task: AI suggestions (0 4 * * 1)
[2026-04-27T23:54:35.689Z] [INFO] File watcher started on .wolf/
[2026-04-27T23:54:35.690Z] [INFO] OpenWolf daemon started
[2026-04-27T23:54:35.691Z] [INFO] Dashboard server listening on port 18791
[2026-04-27T23:54:35.948Z] [INFO] Scheduled task: Full anatomy rescan (0 */6 * * *)
[2026-04-27T23:54:35.949Z] [INFO] Scheduled task: Consolidate old memory (0 2 * * *)
[2026-04-27T23:54:35.949Z] [INFO] Scheduled task: Token audit report (0 0 * * 1)
[2026-04-27T23:54:35.950Z] [INFO] Scheduled task: Cerebrum reflection (0 3 * * 0)
[2026-04-27T23:54:35.950Z] [INFO] Scheduled task: AI suggestions (0 4 * * 1)
[2026-04-27T23:54:35.951Z] [INFO] File watcher started on .wolf/
[2026-04-27T23:54:35.952Z] [INFO] OpenWolf daemon started
[2026-04-27T23:54:35.953Z] [INFO] Dashboard server listening on port 18791
[2026-04-27T23:54:36.191Z] [INFO] Scheduled task: Full anatomy rescan (0 */6 * * *)
[2026-04-27T23:54:36.192Z] [INFO] Scheduled task: Consolidate old memory (0 2 * * *)
[2026-04-27T23:54:36.192Z] [INFO] Scheduled task: Token audit report (0 0 * * 1)
[2026-04-27T23:54:36.192Z] [INFO] Scheduled task: Cerebrum reflection (0 3 * * 0)
[2026-04-27T23:54:36.192Z] [INFO] Scheduled task: AI suggestions (0 4 * * 1)
[2026-04-27T23:54:36.193Z] [INFO] File watcher started on .wolf/
[2026-04-27T23:54:36.194Z] [INFO] OpenWolf daemon started
[2026-04-27T23:54:36.195Z] [INFO] Dashboard server listening on port 18791
[2026-04-27T23:54:36.438Z] [INFO] Scheduled task: Full anatomy rescan (0 */6 * * *)
[2026-04-27T23:54:36.439Z] [INFO] Scheduled task: Consolidate old memory (0 2 * * *)
[2026-04-27T23:54:36.439Z] [INFO] Scheduled task: Token audit report (0 0 * * 1)
[2026-04-27T23:54:36.440Z] [INFO] Scheduled task: Cerebrum reflection (0 3 * * 0)
[2026-04-27T23:54:36.440Z] [INFO] Scheduled task: AI suggestions (0 4 * * 1)
[2026-04-27T23:54:36.441Z] [INFO] File watcher started on .wolf/
[2026-04-27T23:54:36.442Z] [INFO] OpenWolf daemon started
[2026-04-27T23:54:36.442Z] [INFO] Dashboard server listening on port 18791
[2026-04-27T23:54:36.694Z] [INFO] Scheduled task: Full anatomy rescan (0 */6 * * *)
[2026-04-27T23:54:36.694Z] [INFO] Scheduled task: Consolidate old memory (0 2 * * *)
[2026-04-27T23:54:36.695Z] [INFO] Scheduled task: Token audit report (0 0 * * 1)
[2026-04-27T23:54:36.695Z] [INFO] Scheduled task: Cerebrum reflection (0 3 * * 0)
[2026-04-27T23:54:36.695Z] [INFO] Scheduled task: AI suggestions (0 4 * * 1)
[2026-04-27T23:54:36.696Z] [INFO] File watcher started on .wolf/
[2026-04-27T23:54:36.697Z] [INFO] OpenWolf daemon started
[2026-04-27T23:54:36.698Z] [INFO] Dashboard server listening on port 18791
[2026-04-27T23:54:36.945Z] [INFO] Scheduled task: Full anatomy rescan (0 */6 * * *)
[2026-04-27T23:54:36.946Z] [INFO] Scheduled task: Consolidate old memory (0 2 * * *)
[2026-04-27T23:54:36.946Z] [INFO] Scheduled task: Token audit report (0 0 * * 1)
[2026-04-27T23:54:36.947Z] [INFO] Scheduled task: Cerebrum reflection (0 3 * * 0)
[2026-04-27T23:54:36.947Z] [INFO] Scheduled task: AI suggestions (0 4 * * 1)
[2026-04-27T23:54:36.948Z] [INFO] File watcher started on .wolf/
[2026-04-27T23:54:36.949Z] [INFO] OpenWolf daemon started
[2026-04-27T23:54:36.950Z] [INFO] Dashboard server listening on port 18791
[2026-04-27T23:54:37.208Z] [INFO] Scheduled task: Full anatomy rescan (0 */6 * * *)
[2026-04-27T23:54:37.208Z] [INFO] Scheduled task: Consolidate old memory (0 2 * * *)
[2026-04-27T23:54:37.209Z] [INFO] Scheduled task: Token audit report (0 0 * * 1)
[2026-04-27T23:54:37.209Z] [INFO] Scheduled task: Cerebrum reflection (0 3 * * 0)
[2026-04-27T23:54:37.209Z] [INFO] Scheduled task: AI suggestions (0 4 * * 1)
[2026-04-27T23:54:37.210Z] [INFO] File watcher started on .wolf/
[2026-04-27T23:54:37.211Z] [INFO] OpenWolf daemon started
[2026-04-27T23:54:37.211Z] [INFO] Dashboard server listening on port 18791
[2026-04-27T23:54:37.472Z] [INFO] Scheduled task: Full anatomy rescan (0 */6 * * *)
[2026-04-27T23:54:37.473Z] [INFO] Scheduled task: Consolidate old memory (0 2 * * *)
[2026-04-27T23:54:37.473Z] [INFO] Scheduled task: Token audit report (0 0 * * 1)
[2026-04-27T23:54:37.474Z] [INFO] Scheduled task: Cerebrum reflection (0 3 * * 0)
[2026-04-27T23:54:37.474Z] [INFO] Scheduled task: AI suggestions (0 4 * * 1)
[2026-04-27T23:54:37.475Z] [INFO] File watcher started on .wolf/
[2026-04-27T23:54:37.476Z] [INFO] OpenWolf daemon started
[2026-04-27T23:54:37.477Z] [INFO] Dashboard server listening on port 18791
[2026-04-27T23:54:37.721Z] [INFO] Scheduled task: Full anatomy rescan (0 */6 * * *)
[2026-04-27T23:54:37.722Z] [INFO] Scheduled task: Consolidate old memory (0 2 * * *)
[2026-04-27T23:54:37.723Z] [INFO] Scheduled task: Token audit report (0 0 * * 1)
[2026-04-27T23:54:37.723Z] [INFO] Scheduled task: Cerebrum reflection (0 3 * * 0)
[2026-04-27T23:54:37.723Z] [INFO] Scheduled task: AI suggestions (0 4 * * 1)
[2026-04-27T23:54:37.724Z] [INFO] File watcher started on .wolf/
[2026-04-27T23:54:37.725Z] [INFO] OpenWolf daemon started
[2026-04-27T23:54:37.725Z] [INFO] Dashboard server listening on port 18791
